BeginSign
	plotX=64
	plotY=43
	playerType=-1
	caption=ANCIENT ATLANTIS
EndSign
