BeginGame
	Era=ERA_ANCIENT
	Speed=GAMESPEED_NORMAL
	Calendar=CALENDAR_DEFAULT
	Option=GAMEOPTION_LEAD_ANY_CIV
	Option=GAMEOPTION_NO_VASSAL_STATES
	Option=GAMEOPTION_NO_GOODY_HUTS
	Option=GAMEOPTION_NO_EVENTS
	Victory=VICTORY_TIME
	Victory=VICTORY_CONQUEST
	Victory=VICTORY_DOMINATION
	Victory=VICTORY_CULTURAL
	Victory=VICTORY_SPACE_RACE
	Victory=VICTORY_DIPLOMATIC
	GameTurn=0
	MaxTurns=500
	MaxCityElimination=0
	NumAdvancedStartPoints=600
	TargetScore=0
	StartYear=-4000
	Description=
	ModPath=
EndGame
